Using pre-set license
Built from '2022.3/staging' branch; Version is '2022.3.25f1 (530ae0ba3889) revision 5442272'; Using compiler version '192829333'; Build Type 'Release'
OS: 'Windows 11  (10.0.26100) 64bit Core' Language: 'ko' Physical Memory: 32697 MB
BatchMode: 1, IsHumanControllingUs: 0, StartBugReporterOnCrash: 0, Is64bit: 1, IsPro: 1

COMMAND LINE ARGUMENTS:
C:\Program Files\Unity\Hub\Editor\2022.3.25f1\Editor\Unity.exe
-adb2
-batchMode
-noUpm
-name
AssetImportWorker1
-projectPath
C:/Users/admin/Desktop/GameProject1/Game
-logFile
Logs/AssetImportWorker1.log
-srvPort
3745
Successfully changed project path to: C:/Users/admin/Desktop/GameProject1/Game
C:/Users/admin/Desktop/GameProject1/Game
[UnityMemory] Configuration Parameters - Can be set up in boot.config
    "memorysetup-bucket-allocator-granularity=16"
    "memorysetup-bucket-allocator-bucket-count=8"
    "memorysetup-bucket-allocator-block-size=33554432"
    "memorysetup-bucket-allocator-block-count=8"
    "memorysetup-main-allocator-block-size=16777216"
    "memorysetup-thread-allocator-block-size=16777216"
    "memorysetup-gfx-main-allocator-block-size=16777216"
    "memorysetup-gfx-thread-allocator-block-size=16777216"
    "memorysetup-cache-allocator-block-size=4194304"
    "memorysetup-typetree-allocator-block-size=2097152"
    "memorysetup-profiler-bucket-allocator-granularity=16"
    "memorysetup-profiler-bucket-allocator-bucket-count=8"
    "memorysetup-profiler-bucket-allocator-block-size=33554432"
    "memorysetup-profiler-bucket-allocator-block-count=8"
    "memorysetup-profiler-allocator-block-size=16777216"
    "memorysetup-profiler-editor-allocator-block-size=1048576"
    "memorysetup-temp-allocator-size-main=16777216"
    "memorysetup-job-temp-allocator-block-size=2097152"
    "memorysetup-job-temp-allocator-block-size-background=1048576"
    "memorysetup-job-temp-allocator-reduction-small-platforms=262144"
    "memorysetup-allocator-temp-initial-block-size-main=262144"
    "memorysetup-allocator-temp-initial-block-size-worker=262144"
    "memorysetup-temp-allocator-size-background-worker=32768"
    "memorysetup-temp-allocator-size-job-worker=262144"
    "memorysetup-temp-allocator-size-preload-manager=33554432"
    "memorysetup-temp-allocator-size-nav-mesh-worker=65536"
    "memorysetup-temp-allocator-size-audio-worker=65536"
    "memorysetup-temp-allocator-size-cloud-worker=32768"
    "memorysetup-temp-allocator-size-gi-baking-worker=262144"
    "memorysetup-temp-allocator-size-gfx=262144"
Player connection [17692] Host "[IP] 114.204.68.137 [Port] 0 [Flags] 2 [Guid] 1372600894 [EditorId] 1372600894 [Version] 1048832 [Id] WindowsEditor(7,진) [Debug] 1 [PackageName] WindowsEditor [ProjectName] Editor" joined multi-casting on [225.0.0.222:54997]...

Player connection [17692] Host "[IP] 114.204.68.137 [Port] 0 [Flags] 2 [Guid] 1372600894 [EditorId] 1372600894 [Version] 1048832 [Id] WindowsEditor(7,진) [Debug] 1 [PackageName] WindowsEditor [ProjectName] Editor" joined alternative multi-casting on [225.0.0.222:34997]...

[Physics::Module] Initialized MultithreadedJobDispatcher with 15 workers.
Refreshing native plugins compatible for Editor in 16.51 ms, found 3 plugins.
Preloading 0 native plugins for Editor in 0.00 ms.
Initialize engine version: 2022.3.25f1 (530ae0ba3889)
[Subsystems] Discovering subsystems at path C:/Program Files/Unity/Hub/Editor/2022.3.25f1/Editor/Data/Resources/UnitySubsystems
[Subsystems] Discovering subsystems at path C:/Users/admin/Desktop/GameProject1/Game/Assets
GfxDevice: creating device client; threaded=0; jobified=0
Direct3D:
    Version:  Direct3D 11.0 [level 11.1]
    Renderer: NVIDIA GeForce RTX 2060 (ID=0x1e89)
    Vendor:   NVIDIA
    VRAM:     5945 MB
    Driver:   32.0.15.6094
Initialize mono
Mono path[0] = 'C:/Program Files/Unity/Hub/Editor/2022.3.25f1/Editor/Data/Managed'
Mono path[1] = 'C:/Program Files/Unity/Hub/Editor/2022.3.25f1/Editor/Data/MonoBleedingEdge/lib/mono/unityjit-win32'
Mono config path = 'C:/Program Files/Unity/Hub/Editor/2022.3.25f1/Editor/Data/MonoBleedingEdge/etc'
Using monoOptions --debugger-agent=transport=dt_socket,embedding=1,server=y,suspend=n,address=127.0.0.1:56736
Begin MonoManager ReloadAssembly
Registering precompiled unity dll's ...
Register platform support module: C:/Program Files/Unity/Hub/Editor/2022.3.25f1/Editor/Data/PlaybackEngines/WindowsStandaloneSupport/UnityEditor.WindowsStandalone.Extensions.dll
Registered in 0.016642 seconds.
- Loaded All Assemblies, in  0.462 seconds
Native extension for WindowsStandalone target not found
Mono: successfully reloaded assembly
- Finished resetting the current domain, in  0.354 seconds
Domain Reload Profiling: 813ms
	BeginReloadAssembly (151ms)
		ExecutionOrderSort (0ms)
		DisableScriptedObjects (0ms)
		BackupInstance (0ms)
		ReleaseScriptingObjects (0ms)
		CreateAndSetChildDomain (1ms)
	RebuildCommonClasses (39ms)
	RebuildNativeTypeToScriptingClass (14ms)
	initialDomainReloadingComplete (92ms)
	LoadAllAssembliesAndSetupDomain (162ms)
		LoadAssemblies (145ms)
		RebuildTransferFunctionScriptingTraits (0ms)
		AnalyzeDomain (160ms)
			TypeCache.Refresh (158ms)
				TypeCache.ScanAssembly (143ms)
			ScanForSourceGeneratedMonoScriptInfo (0ms)
			ResolveRequiredComponents (0ms)
	FinalizeReload (355ms)
		ReleaseScriptCaches (0ms)
		RebuildScriptCaches (0ms)
		SetupLoadedEditorAssemblies (289ms)
			LogAssemblyErrors (0ms)
			InitializePlatformSupportModulesInManaged (16ms)
			SetLoadedEditorAssemblies (8ms)
			RefreshPlugins (0ms)
			BeforeProcessingInitializeOnLoad (3ms)
			ProcessInitializeOnLoadAttributes (195ms)
			ProcessInitializeOnLoadMethodAttributes (67ms)
			AfterProcessingInitializeOnLoad (0ms)
			EditorAssembliesLoaded (0ms)
		ExecutionOrderSort2 (0ms)
		AwakeInstancesAfterBackupRestoration (0ms)
========================================================================
Worker process is ready to serve import requests
Begin MonoManager ReloadAssembly
Symbol file data-00000161FA83FE30 doesn't match image C:\Users\admin\Desktop\GameProject1\Game\Library\ScriptAssemblies\Unity.Timeline.dll
Symbol file LoadedFromMemory is not a mono symbol file
Symbol file data-00000161FAB178F0 doesn't match image C:\Users\admin\Desktop\GameProject1\Game\Library\ScriptAssemblies\Unity.TestTools.CodeCoverage.Editor.OpenCover.Mono.Reflection.dll
Symbol file LoadedFromMemory is not a mono symbol file
Symbol file data-00000161D8FD0E10 doesn't match image C:\Users\admin\Desktop\GameProject1\Game\Library\ScriptAssemblies\UnityEngine.UI.dll
Symbol file LoadedFromMemory is not a mono symbol file
Symbol file data-00000161FA881640 doesn't match image C:\Users\admin\Desktop\GameProject1\Game\Library\ScriptAssemblies\Unity.EditorCoroutines.Editor.dll
Symbol file LoadedFromMemory is not a mono symbol file
Symbol file data-00000161FA885E50 doesn't match image C:\Users\admin\Desktop\GameProject1\Game\Library\ScriptAssemblies\Unity.VisualScripting.SettingsProvider.Editor.dll
Symbol file LoadedFromMemory is not a mono symbol file
Symbol file data-00000161D9012220 doesn't match image C:\Users\admin\Desktop\GameProject1\Game\Library\ScriptAssemblies\Unity.Performance.Profile-Analyzer.Editor.dll
Symbol file LoadedFromMemory is not a mono symbol file
Symbol file data-00000161FA885E50 doesn't match image C:\Users\admin\Desktop\GameProject1\Game\Library\ScriptAssemblies\Unity.TestTools.CodeCoverage.Editor.dll
Symbol file LoadedFromMemory is not a mono symbol file
Symbol file data-00000161FA88C860 doesn't match image C:\Users\admin\Desktop\GameProject1\Game\Library\ScriptAssemblies\Unity.TestTools.CodeCoverage.Editor.OpenCover.Model.dll
Symbol file LoadedFromMemory is not a mono symbol file
Symbol file data-00000161FB16B010 doesn't match image C:\Users\admin\Desktop\GameProject1\Game\Library\ScriptAssemblies\Unity.PlasticSCM.Editor.dll
Symbol file LoadedFromMemory is not a mono symbol file
Symbol file data-00000161FA88C860 doesn't match image C:\Users\admin\Desktop\GameProject1\Game\Library\ScriptAssemblies\UnityEngine.TestRunner.dll
Symbol file LoadedFromMemory is not a mono symbol file
Symbol file data-00000161FAD3C440 doesn't match image C:\Users\admin\Desktop\GameProject1\Game\Library\ScriptAssemblies\Unity.VisualScripting.State.Editor.dll
Symbol file LoadedFromMemory is not a mono symbol file
Symbol file data-00000161FB16B010 doesn't match image C:\Users\admin\Desktop\GameProject1\Game\Library\ScriptAssemblies\Unity.Timeline.Editor.dll
Symbol file LoadedFromMemory is not a mono symbol file
Symbol file data-00000161FAD46850 doesn't match image C:\Users\admin\Desktop\GameProject1\Game\Library\ScriptAssemblies\Unity.Settings.Editor.dll
Symbol file LoadedFromMemory is not a mono symbol file
Symbol file data-00000161FAD46850 doesn't match image C:\Users\admin\Desktop\GameProject1\Game\Library\ScriptAssemblies\Unity.VisualScripting.Shared.Editor.dll
Symbol file LoadedFromMemory is not a mono symbol file
Symbol file data-00000161FA88C860 doesn't match image C:\Users\admin\Desktop\GameProject1\Game\Library\ScriptAssemblies\Unity.VisualStudio.Editor.dll
Symbol file LoadedFromMemory is not a mono symbol file
Symbol file data-00000161FAD46850 doesn't match image C:\Users\admin\Desktop\GameProject1\Game\Library\ScriptAssemblies\Unity.CollabProxy.Editor.dll
Symbol file LoadedFromMemory is not a mono symbol file
Symbol file data-00000161FA73C010 doesn't match image C:\Users\admin\Desktop\GameProject1\Game\Library\ScriptAssemblies\Unity.TextMeshPro.dll
Symbol file LoadedFromMemory is not a mono symbol file
Symbol file data-00000161FA73C010 doesn't match image C:\Users\admin\Desktop\GameProject1\Game\Library\ScriptAssemblies\Unity.VisualScripting.Core.dll
Symbol file LoadedFromMemory is not a mono symbol file
Symbol file data-00000161FAC28E20 doesn't match image C:\Users\admin\Desktop\GameProject1\Game\Library\ScriptAssemblies\Unity.TextMeshPro.Editor.dll
Symbol file LoadedFromMemory is not a mono symbol file
Symbol file data-00000161FA88C860 doesn't match image C:\Users\admin\Desktop\GameProject1\Game\Library\ScriptAssemblies\UnityEditor.UI.dll
Symbol file LoadedFromMemory is not a mono symbol file
Symbol file data-00000161D8919010 doesn't match image C:\Users\admin\Desktop\GameProject1\Game\Library\ScriptAssemblies\Unity.VisualScripting.Core.Editor.dll
Symbol file LoadedFromMemory is not a mono symbol file
Symbol file data-00000161FA88C860 doesn't match image C:\Users\admin\Desktop\GameProject1\Game\Library\ScriptAssemblies\Unity.Rider.Editor.dll
Symbol file LoadedFromMemory is not a mono symbol file
Symbol file data-00000161FAC40C30 doesn't match image C:\Users\admin\Desktop\GameProject1\Game\Library\ScriptAssemblies\Unity.VisualScripting.State.dll
Symbol file LoadedFromMemory is not a mono symbol file
Symbol file data-00000161FAC40C30 doesn't match image C:\Users\admin\Desktop\GameProject1\Game\Library\ScriptAssemblies\Unity.VSCode.Editor.dll
Symbol file LoadedFromMemory is not a mono symbol file
Symbol file data-00000161FA793040 doesn't match image C:\Users\admin\Desktop\GameProject1\Game\Library\ScriptAssemblies\UnityEditor.TestRunner.dll
Symbol file LoadedFromMemory is not a mono symbol file
Symbol file data-00000161FA944220 doesn't match image C:\Users\admin\Desktop\GameProject1\Game\Library\ScriptAssemblies\Unity.VisualScripting.Flow.dll
Symbol file LoadedFromMemory is not a mono symbol file
Symbol file data-00000161FA944220 doesn't match image C:\Users\admin\Desktop\GameProject1\Game\Library\ScriptAssemblies\Unity.VisualScripting.Flow.Editor.dll
Symbol file LoadedFromMemory is not a mono symbol file
- Loaded All Assemblies, in  0.842 seconds
Refreshing native plugins compatible for Editor in 7.65 ms, found 3 plugins.
Native extension for WindowsStandalone target not found
Mono: successfully reloaded assembly
- Finished resetting the current domain, in  0.586 seconds
Domain Reload Profiling: 1421ms
	BeginReloadAssembly (185ms)
		ExecutionOrderSort (0ms)
		DisableScriptedObjects (5ms)
		BackupInstance (0ms)
		ReleaseScriptingObjects (0ms)
		CreateAndSetChildDomain (24ms)
	RebuildCommonClasses (40ms)
	RebuildNativeTypeToScriptingClass (12ms)
	initialDomainReloadingComplete (60ms)
	LoadAllAssembliesAndSetupDomain (536ms)
		LoadAssemblies (437ms)
		RebuildTransferFunctionScriptingTraits (0ms)
		AnalyzeDomain (217ms)
			TypeCache.Refresh (194ms)
				TypeCache.ScanAssembly (176ms)
			ScanForSourceGeneratedMonoScriptInfo (15ms)
			ResolveRequiredComponents (5ms)
	FinalizeReload (587ms)
		ReleaseScriptCaches (0ms)
		RebuildScriptCaches (0ms)
		SetupLoadedEditorAssemblies (432ms)
			LogAssemblyErrors (0ms)
			InitializePlatformSupportModulesInManaged (8ms)
			SetLoadedEditorAssemblies (3ms)
			RefreshPlugins (0ms)
			BeforeProcessingInitializeOnLoad (70ms)
			ProcessInitializeOnLoadAttributes (315ms)
			ProcessInitializeOnLoadMethodAttributes (21ms)
			AfterProcessingInitializeOnLoad (15ms)
			EditorAssembliesLoaded (0ms)
		ExecutionOrderSort2 (0ms)
		AwakeInstancesAfterBackupRestoration (15ms)
Launched and connected shader compiler UnityShaderCompiler.exe after 0.07 seconds
Refreshing native plugins compatible for Editor in 9.51 ms, found 3 plugins.
Preloading 0 native plugins for Editor in 0.00 ms.
Unloading 3142 Unused Serialized files (Serialized files now loaded: 0)
Unloading 34 unused Assets / (57.5 KB). Loaded Objects now: 3605.
Memory consumption went from 127.1 MB to 127.1 MB.
Total: 3.224100 ms (FindLiveObjects: 0.426700 ms CreateObjectMapping: 0.100500 ms MarkObjects: 2.572700 ms  DeleteObjects: 0.122900 ms)

AssetImportParameters requested are different than current active one (requested -> active):
  custom:container-demuxer-ogg: 62fdf1f143b41e24485cea50d1cbac27 -> 
  custom:video-decoder-ogg-theora: a1e56fd34408186e4bbccfd4996cb3dc -> 
  custom:framework-win-MediaFoundation: 216162199b28c13a410421893ffa2e32 -> 
  custom:CustomObjectIndexerAttribute: 9a22284fe3817be447336de3de66b15e -> 
  custom:container-demuxer-webm: 4f35f7cbe854078d1ac9338744f61a02 -> 
  custom:container-muxer-webm: aa71ff27fc2769a1b78a27578f13a17b -> 
  custom:video-decoder-webm-vp8: 9c59270c3fd7afecdb556c50c9e8de78 -> 
  custom:SearchIndexIgnoredProperties: e643bd26f0fe6173181afceb89e7c659 -> 
  custom:AudioImporter_EditorPlatform: d09bf68614088b80899f8185d706f6e7 -> 
  custom:video-encoder-webm-vp8: eb34c28f22e8b96e1ab97ce403110664 -> 
  custom:audio-decoder-ogg-vorbis: bf7c407c2cedff20999df2af8eb42d56 -> 
  custom:audio-encoder-webm-vorbis: bf7c407c2cedff20999df2af8eb42d56 -> 
========================================================================
Received Import Request.
  Time since last request: 694805.355040 seconds.
  path: Assets/Class11th (Sound System)/Scripts/Sound.cs
  artifactKey: Guid(7f79609f4c07aaa4e86ac6424d060826) Importer(815301076,1909f56bfc062723c751e8b465ee728b)
Start importing Assets/Class11th (Sound System)/Scripts/Sound.cs using Guid(7f79609f4c07aaa4e86ac6424d060826) Importer(815301076,1909f56bfc062723c751e8b465ee728b)  -> (artifact id: 'dbc3a2ef2880caf1d897e86f446c1f52') in 0.002758 seconds
Number of updated asset objects reloaded before import = 0
Number of asset objects unloaded after import = 0
========================================================================
Received Prepare
Begin MonoManager ReloadAssembly
Symbol file data-00000160037BBE20 doesn't match image C:\Users\admin\Desktop\GameProject1\Game\Library\ScriptAssemblies\Unity.Timeline.dll
Symbol file LoadedFromMemory is not a mono symbol file
Symbol file data-0000016002EE0020 doesn't match image C:\Users\admin\Desktop\GameProject1\Game\Library\ScriptAssemblies\Unity.TestTools.CodeCoverage.Editor.OpenCover.Mono.Reflection.dll
Symbol file LoadedFromMemory is not a mono symbol file
Symbol file data-00000161D8A6C070 doesn't match image C:\Users\admin\Desktop\GameProject1\Game\Library\ScriptAssemblies\UnityEngine.UI.dll
Symbol file LoadedFromMemory is not a mono symbol file
Symbol file data-0000016002EE0020 doesn't match image C:\Users\admin\Desktop\GameProject1\Game\Library\ScriptAssemblies\Unity.EditorCoroutines.Editor.dll
Symbol file LoadedFromMemory is not a mono symbol file
Symbol file data-0000016003599010 doesn't match image C:\Users\admin\Desktop\GameProject1\Game\Library\ScriptAssemblies\Unity.VisualScripting.SettingsProvider.Editor.dll
Symbol file LoadedFromMemory is not a mono symbol file
Symbol file data-00000160032EFE30 doesn't match image C:\Users\admin\Desktop\GameProject1\Game\Library\ScriptAssemblies\Unity.Performance.Profile-Analyzer.Editor.dll
Symbol file LoadedFromMemory is not a mono symbol file
Symbol file data-00000161D89D4E40 doesn't match image C:\Users\admin\Desktop\GameProject1\Game\Library\ScriptAssemblies\Unity.TestTools.CodeCoverage.Editor.dll
Symbol file LoadedFromMemory is not a mono symbol file
Symbol file data-00000161FC2D9640 doesn't match image C:\Users\admin\Desktop\GameProject1\Game\Library\ScriptAssemblies\Unity.TestTools.CodeCoverage.Editor.OpenCover.Model.dll
Symbol file LoadedFromMemory is not a mono symbol file
Symbol file data-00000161FC3FA040 doesn't match image C:\Users\admin\Desktop\GameProject1\Game\Library\ScriptAssemblies\Unity.PlasticSCM.Editor.dll
Symbol file LoadedFromMemory is not a mono symbol file
Symbol file data-00000161FA530290 doesn't match image C:\Users\admin\Desktop\GameProject1\Game\Library\ScriptAssemblies\UnityEngine.TestRunner.dll
Symbol file LoadedFromMemory is not a mono symbol file
Symbol file data-0000016003D5D640 doesn't match image C:\Users\admin\Desktop\GameProject1\Game\Library\ScriptAssemblies\Unity.VisualScripting.State.Editor.dll
Symbol file LoadedFromMemory is not a mono symbol file
Symbol file data-00000161FC3FA040 doesn't match image C:\Users\admin\Desktop\GameProject1\Game\Library\ScriptAssemblies\Unity.Timeline.Editor.dll
Symbol file LoadedFromMemory is not a mono symbol file
Symbol file data-00000161FC2D9640 doesn't match image C:\Users\admin\Desktop\GameProject1\Game\Library\ScriptAssemblies\Unity.Settings.Editor.dll
Symbol file LoadedFromMemory is not a mono symbol file
Symbol file data-00000161FC2D9640 doesn't match image C:\Users\admin\Desktop\GameProject1\Game\Library\ScriptAssemblies\Unity.VisualScripting.Shared.Editor.dll
Symbol file LoadedFromMemory is not a mono symbol file
Symbol file data-00000161D89D4E40 doesn't match image C:\Users\admin\Desktop\GameProject1\Game\Library\ScriptAssemblies\Unity.VisualStudio.Editor.dll
Symbol file LoadedFromMemory is not a mono symbol file
Symbol file data-0000016003AC7A40 doesn't match image C:\Users\admin\Desktop\GameProject1\Game\Library\ScriptAssemblies\Unity.CollabProxy.Editor.dll
Symbol file LoadedFromMemory is not a mono symbol file
Symbol file data-00000161FC324020 doesn't match image C:\Users\admin\Desktop\GameProject1\Game\Library\ScriptAssemblies\Unity.TextMeshPro.dll
Symbol file LoadedFromMemory is not a mono symbol file
Symbol file data-00000161FC324020 doesn't match image C:\Users\admin\Desktop\GameProject1\Game\Library\ScriptAssemblies\Unity.VisualScripting.Core.dll
Symbol file LoadedFromMemory is not a mono symbol file
Symbol file data-00000160037BBE20 doesn't match image C:\Users\admin\Desktop\GameProject1\Game\Library\ScriptAssemblies\Unity.TextMeshPro.Editor.dll
Symbol file LoadedFromMemory is not a mono symbol file
Symbol file data-00000161B56C3C20 doesn't match image C:\Users\admin\Desktop\GameProject1\Game\Library\ScriptAssemblies\UnityEditor.UI.dll
Symbol file LoadedFromMemory is not a mono symbol file
Symbol file data-0000016002FC6080 doesn't match image C:\Users\admin\Desktop\GameProject1\Game\Library\ScriptAssemblies\Unity.VisualScripting.Core.Editor.dll
Symbol file LoadedFromMemory is not a mono symbol file
Symbol file data-00000161B56C3C20 doesn't match image C:\Users\admin\Desktop\GameProject1\Game\Library\ScriptAssemblies\Unity.Rider.Editor.dll
Symbol file LoadedFromMemory is not a mono symbol file
Symbol file data-00000161FC628040 doesn't match image C:\Users\admin\Desktop\GameProject1\Game\Library\ScriptAssemblies\Unity.VisualScripting.State.dll
Symbol file LoadedFromMemory is not a mono symbol file
Symbol file data-00000161FC628040 doesn't match image C:\Users\admin\Desktop\GameProject1\Game\Library\ScriptAssemblies\Unity.VSCode.Editor.dll
Symbol file LoadedFromMemory is not a mono symbol file
Symbol file data-00000161FBEAD020 doesn't match image C:\Users\admin\Desktop\GameProject1\Game\Library\ScriptAssemblies\UnityEditor.TestRunner.dll
Symbol file LoadedFromMemory is not a mono symbol file
Symbol file data-00000161FA98A010 doesn't match image C:\Users\admin\Desktop\GameProject1\Game\Library\ScriptAssemblies\Unity.VisualScripting.Flow.dll
Symbol file LoadedFromMemory is not a mono symbol file
Symbol file data-00000161B54B88B0 doesn't match image C:\Users\admin\Desktop\GameProject1\Game\Library\ScriptAssemblies\Unity.VisualScripting.Flow.Editor.dll
Symbol file LoadedFromMemory is not a mono symbol file
- Loaded All Assemblies, in  0.469 seconds
Refreshing native plugins compatible for Editor in 7.82 ms, found 3 plugins.
Native extension for WindowsStandalone target not found
Mono: successfully reloaded assembly
- Finished resetting the current domain, in  1.196 seconds
Domain Reload Profiling: 1659ms
	BeginReloadAssembly (162ms)
		ExecutionOrderSort (0ms)
		DisableScriptedObjects (5ms)
		BackupInstance (0ms)
		ReleaseScriptingObjects (0ms)
		CreateAndSetChildDomain (31ms)
	RebuildCommonClasses (33ms)
	RebuildNativeTypeToScriptingClass (16ms)
	initialDomainReloadingComplete (37ms)
	LoadAllAssembliesAndSetupDomain (215ms)
		LoadAssemblies (296ms)
		RebuildTransferFunctionScriptingTraits (0ms)
		AnalyzeDomain (12ms)
			TypeCache.Refresh (5ms)
				TypeCache.ScanAssembly (0ms)
			ScanForSourceGeneratedMonoScriptInfo (0ms)
			ResolveRequiredComponents (5ms)
	FinalizeReload (1196ms)
		ReleaseScriptCaches (0ms)
		RebuildScriptCaches (0ms)
		SetupLoadedEditorAssemblies (402ms)
			LogAssemblyErrors (0ms)
			InitializePlatformSupportModulesInManaged (9ms)
			SetLoadedEditorAssemblies (4ms)
			RefreshPlugins (0ms)
			BeforeProcessingInitializeOnLoad (74ms)
			ProcessInitializeOnLoadAttributes (279ms)
			ProcessInitializeOnLoadMethodAttributes (21ms)
			AfterProcessingInitializeOnLoad (15ms)
			EditorAssembliesLoaded (0ms)
		ExecutionOrderSort2 (0ms)
		AwakeInstancesAfterBackupRestoration (16ms)
Refreshing native plugins compatible for Editor in 8.24 ms, found 3 plugins.
Preloading 0 native plugins for Editor in 0.00 ms.
Unloading 3134 Unused Serialized files (Serialized files now loaded: 0)
Unloading 25 unused Assets / (31.6 KB). Loaded Objects now: 3608.
Memory consumption went from 127.8 MB to 127.8 MB.
Total: 3.789600 ms (FindLiveObjects: 0.406200 ms CreateObjectMapping: 0.094100 ms MarkObjects: 3.215100 ms  DeleteObjects: 0.072700 ms)

Prepare: number of updated asset objects reloaded= 0
AssetImportParameters requested are different than current active one (requested -> active):
  custom:container-demuxer-ogg: 62fdf1f143b41e24485cea50d1cbac27 -> 
  custom:video-decoder-ogg-theora: a1e56fd34408186e4bbccfd4996cb3dc -> 
  custom:framework-win-MediaFoundation: 216162199b28c13a410421893ffa2e32 -> 
  custom:CustomObjectIndexerAttribute: 9a22284fe3817be447336de3de66b15e -> 
  custom:container-demuxer-webm: 4f35f7cbe854078d1ac9338744f61a02 -> 
  custom:container-muxer-webm: aa71ff27fc2769a1b78a27578f13a17b -> 
  custom:video-decoder-webm-vp8: 9c59270c3fd7afecdb556c50c9e8de78 -> 
  custom:SearchIndexIgnoredProperties: e643bd26f0fe6173181afceb89e7c659 -> 
  custom:AudioImporter_EditorPlatform: d09bf68614088b80899f8185d706f6e7 -> 
  custom:video-encoder-webm-vp8: eb34c28f22e8b96e1ab97ce403110664 -> 
  custom:audio-decoder-ogg-vorbis: bf7c407c2cedff20999df2af8eb42d56 -> 
  custom:audio-encoder-webm-vorbis: bf7c407c2cedff20999df2af8eb42d56 -> 
========================================================================
Received Import Request.
  Time since last request: 34.908572 seconds.
  path: Assets/Class11th (Sound System)/Audios/Arcade Sound.wav
  artifactKey: Guid(d296adf47dd0a514fbd36b5ff7df9f9c) Importer(815301076,1909f56bfc062723c751e8b465ee728b)
Start importing Assets/Class11th (Sound System)/Audios/Arcade Sound.wav using Guid(d296adf47dd0a514fbd36b5ff7df9f9c) Importer(815301076,1909f56bfc062723c751e8b465ee728b)  -> (artifact id: 'a6be7e5a9e42b5bd409c4e614b4cc50d') in 0.101932 seconds
Number of updated asset objects reloaded before import = 0
Number of asset objects unloaded after import = 2
========================================================================
Received Import Request.
  Time since last request: 0.000031 seconds.
  path: Assets/Class11th (Sound System)/Audios/Computer Sound.wav
  artifactKey: Guid(d6945231be24c7240a281458fc849e1f) Importer(815301076,1909f56bfc062723c751e8b465ee728b)
Start importing Assets/Class11th (Sound System)/Audios/Computer Sound.wav using Guid(d6945231be24c7240a281458fc849e1f) Importer(815301076,1909f56bfc062723c751e8b465ee728b)  -> (artifact id: 'fc3701836f12859d295db99e3c554c29') in 0.012771 seconds
Number of updated asset objects reloaded before import = 0
Number of asset objects unloaded after import = 2
========================================================================
Received Import Request.
  Time since last request: 258.460954 seconds.
  path: Assets/Class12th (Ray Cast)/StudioBillion/House Interior/Prefabs/Armchair.prefab
  artifactKey: Guid(d89225c174a3955439a93e85a798211e) Importer(815301076,1909f56bfc062723c751e8b465ee728b)
Start importing Assets/Class12th (Ray Cast)/StudioBillion/House Interior/Prefabs/Armchair.prefab using Guid(d89225c174a3955439a93e85a798211e) Importer(815301076,1909f56bfc062723c751e8b465ee728b)  -> (artifact id: '808a5f1fec1251197732bf15b8a1318d') in 0.219032 seconds
Number of updated asset objects reloaded before import = 0
Number of asset objects unloaded after import = 9
========================================================================
Received Import Request.
  Time since last request: 0.000022 seconds.
  path: Assets/Class12th (Ray Cast)/StudioBillion/House Interior/Prefabs/Boxes.prefab
  artifactKey: Guid(567394f18115fcf47a3c73d9fc13bb21) Importer(815301076,1909f56bfc062723c751e8b465ee728b)
Start importing Assets/Class12th (Ray Cast)/StudioBillion/House Interior/Prefabs/Boxes.prefab using Guid(567394f18115fcf47a3c73d9fc13bb21) Importer(815301076,1909f56bfc062723c751e8b465ee728b)  -> (artifact id: '5c1cec0de40992a4b5ae6d87e2f7de82') in 0.023700 seconds
Number of updated asset objects reloaded before import = 0
Number of asset objects unloaded after import = 23
========================================================================
Received Import Request.
  Time since last request: 0.000031 seconds.
  path: Assets/Class12th (Ray Cast)/StudioBillion/House Interior/Prefabs/Chairs.prefab
  artifactKey: Guid(c2295b34083ed0c4b95a252933176bfd) Importer(815301076,1909f56bfc062723c751e8b465ee728b)
Start importing Assets/Class12th (Ray Cast)/StudioBillion/House Interior/Prefabs/Chairs.prefab using Guid(c2295b34083ed0c4b95a252933176bfd) Importer(815301076,1909f56bfc062723c751e8b465ee728b)  -> (artifact id: '75c2da4643dd51d057c61ce29de95ede') in 0.017330 seconds
Number of updated asset objects reloaded before import = 0
Number of asset objects unloaded after import = 25
========================================================================
Received Import Request.
  Time since last request: 0.000022 seconds.
  path: Assets/Class12th (Ray Cast)/StudioBillion/House Interior/Prefabs/Sofa2.prefab
  artifactKey: Guid(c66afc54088bd0247a66d7e34a36c4e7) Importer(815301076,1909f56bfc062723c751e8b465ee728b)
Start importing Assets/Class12th (Ray Cast)/StudioBillion/House Interior/Prefabs/Sofa2.prefab using Guid(c66afc54088bd0247a66d7e34a36c4e7) Importer(815301076,1909f56bfc062723c751e8b465ee728b)  -> (artifact id: '080ff08881f7f7d5b29c0a54a80b9e8b') in 0.019569 seconds
Number of updated asset objects reloaded before import = 0
Number of asset objects unloaded after import = 9
========================================================================
Received Import Request.
  Time since last request: 0.000026 seconds.
  path: Assets/Class12th (Ray Cast)/StudioBillion/House Interior/Prefabs/Sink.prefab
  artifactKey: Guid(2b53442aaa1f7eb4ba66dfaf7f38a0b4) Importer(815301076,1909f56bfc062723c751e8b465ee728b)
Start importing Assets/Class12th (Ray Cast)/StudioBillion/House Interior/Prefabs/Sink.prefab using Guid(2b53442aaa1f7eb4ba66dfaf7f38a0b4) Importer(815301076,1909f56bfc062723c751e8b465ee728b)  -> (artifact id: 'a57eb2ed930e09e3f4ae25717bf9afaa') in 0.019341 seconds
Number of updated asset objects reloaded before import = 0
Number of asset objects unloaded after import = 10
========================================================================
Received Import Request.
  Time since last request: 0.000028 seconds.
  path: Assets/Class12th (Ray Cast)/StudioBillion/House Interior/Prefabs/Basket.prefab
  artifactKey: Guid(520640125cd9288429b91901711781c5) Importer(815301076,1909f56bfc062723c751e8b465ee728b)
Start importing Assets/Class12th (Ray Cast)/StudioBillion/House Interior/Prefabs/Basket.prefab using Guid(520640125cd9288429b91901711781c5) Importer(815301076,1909f56bfc062723c751e8b465ee728b)  -> (artifact id: '422738063353ed4a278217f490b70933') in 0.018774 seconds
Number of updated asset objects reloaded before import = 0
Number of asset objects unloaded after import = 8
========================================================================
Received Import Request.
  Time since last request: 0.000023 seconds.
  path: Assets/Class12th (Ray Cast)/StudioBillion/House Interior/Prefabs/Carpet 002.prefab
  artifactKey: Guid(f1a5b02ce6c71e04dbe90426b072b4d3) Importer(815301076,1909f56bfc062723c751e8b465ee728b)
Start importing Assets/Class12th (Ray Cast)/StudioBillion/House Interior/Prefabs/Carpet 002.prefab using Guid(f1a5b02ce6c71e04dbe90426b072b4d3) Importer(815301076,1909f56bfc062723c751e8b465ee728b)  -> (artifact id: 'aaad230a3cd4c329af0ed11bca1d4557') in 0.018800 seconds
Number of updated asset objects reloaded before import = 0
Number of asset objects unloaded after import = 8
========================================================================
Received Import Request.
  Time since last request: 0.000023 seconds.
  path: Assets/Class12th (Ray Cast)/StudioBillion/House Interior/Prefabs/Washer.prefab
  artifactKey: Guid(f0d11665f5b6e4e4f9262a51b4b2cd2a) Importer(815301076,1909f56bfc062723c751e8b465ee728b)
Start importing Assets/Class12th (Ray Cast)/StudioBillion/House Interior/Prefabs/Washer.prefab using Guid(f0d11665f5b6e4e4f9262a51b4b2cd2a) Importer(815301076,1909f56bfc062723c751e8b465ee728b)  -> (artifact id: '85355b28db54600509de866c31f71f00') in 0.020968 seconds
Number of updated asset objects reloaded before import = 0
Number of asset objects unloaded after import = 12
========================================================================
Received Import Request.
  Time since last request: 0.000022 seconds.
  path: Assets/Class12th (Ray Cast)/StudioBillion/House Interior/Prefabs/Carpet1.prefab
  artifactKey: Guid(523873fc9002b974c8a0292076ec82af) Importer(815301076,1909f56bfc062723c751e8b465ee728b)
Start importing Assets/Class12th (Ray Cast)/StudioBillion/House Interior/Prefabs/Carpet1.prefab using Guid(523873fc9002b974c8a0292076ec82af) Importer(815301076,1909f56bfc062723c751e8b465ee728b)  -> (artifact id: '9c24023c7d664b965dc9b503366811b3') in 0.019557 seconds
Number of updated asset objects reloaded before import = 0
Number of asset objects unloaded after import = 9
========================================================================
Received Import Request.
  Time since last request: 0.000028 seconds.
  path: Assets/Class12th (Ray Cast)/StudioBillion/House Interior/Prefabs/Pan.prefab
  artifactKey: Guid(b25277b7e28aa4446a996b11092272d7) Importer(815301076,1909f56bfc062723c751e8b465ee728b)
Start importing Assets/Class12th (Ray Cast)/StudioBillion/House Interior/Prefabs/Pan.prefab using Guid(b25277b7e28aa4446a996b11092272d7) Importer(815301076,1909f56bfc062723c751e8b465ee728b)  -> (artifact id: '39cc47a39d783eec97d758f4ebecf967') in 0.022001 seconds
Number of updated asset objects reloaded before import = 0
Number of asset objects unloaded after import = 12
========================================================================
Received Import Request.
  Time since last request: 0.000017 seconds.
  path: Assets/Class12th (Ray Cast)/StudioBillion/House Interior/Prefabs/Dishes.prefab
  artifactKey: Guid(d9557199083727f4795db6c85a10396b) Importer(815301076,1909f56bfc062723c751e8b465ee728b)
Start importing Assets/Class12th (Ray Cast)/StudioBillion/House Interior/Prefabs/Dishes.prefab using Guid(d9557199083727f4795db6c85a10396b) Importer(815301076,1909f56bfc062723c751e8b465ee728b)  -> (artifact id: 'a368039d3e03deab9b69e410ff74371b') in 0.018299 seconds
Number of updated asset objects reloaded before import = 0
Number of asset objects unloaded after import = 8
========================================================================
Received Import Request.
  Time since last request: 0.000027 seconds.
  path: Assets/Class12th (Ray Cast)/StudioBillion/House Interior/Prefabs/Sofa.prefab
  artifactKey: Guid(7eb8f0ed299d70f429df582be35b81e5) Importer(815301076,1909f56bfc062723c751e8b465ee728b)
Start importing Assets/Class12th (Ray Cast)/StudioBillion/House Interior/Prefabs/Sofa.prefab using Guid(7eb8f0ed299d70f429df582be35b81e5) Importer(815301076,1909f56bfc062723c751e8b465ee728b)  -> (artifact id: '66c804b0cdf9357ffec947a57b70d6af') in 0.018348 seconds
Number of updated asset objects reloaded before import = 0
Number of asset objects unloaded after import = 9
========================================================================
Received Import Request.
  Time since last request: 0.000024 seconds.
  path: Assets/Class12th (Ray Cast)/StudioBillion/House Interior/Prefabs/Dinner Table.prefab
  artifactKey: Guid(cbec771c1795bd6458b2310c86d5d6b7) Importer(815301076,1909f56bfc062723c751e8b465ee728b)
Start importing Assets/Class12th (Ray Cast)/StudioBillion/House Interior/Prefabs/Dinner Table.prefab using Guid(cbec771c1795bd6458b2310c86d5d6b7) Importer(815301076,1909f56bfc062723c751e8b465ee728b)  -> (artifact id: '7ebd00ae81c798109f6863325aec93e1') in 0.018020 seconds
Number of updated asset objects reloaded before import = 0
Number of asset objects unloaded after import = 9
========================================================================
Received Import Request.
  Time since last request: 0.000027 seconds.
  path: Assets/Class12th (Ray Cast)/StudioBillion/House Interior/Prefabs/Carpet2.prefab
  artifactKey: Guid(6d05b9c6f1a84414ca2b2a2d4851d8d7) Importer(815301076,1909f56bfc062723c751e8b465ee728b)
Start importing Assets/Class12th (Ray Cast)/StudioBillion/House Interior/Prefabs/Carpet2.prefab using Guid(6d05b9c6f1a84414ca2b2a2d4851d8d7) Importer(815301076,1909f56bfc062723c751e8b465ee728b)  -> (artifact id: '764497571a88cb1edac1db8ead5f3eb4') in 0.018896 seconds
Number of updated asset objects reloaded before import = 0
Number of asset objects unloaded after import = 9
========================================================================
Received Import Request.
  Time since last request: 0.000016 seconds.
  path: Assets/Class12th (Ray Cast)/StudioBillion/House Interior/Prefabs/Coffee Table.prefab
  artifactKey: Guid(77686a92b4d6c034094fddb988c7f2c3) Importer(815301076,1909f56bfc062723c751e8b465ee728b)
Start importing Assets/Class12th (Ray Cast)/StudioBillion/House Interior/Prefabs/Coffee Table.prefab using Guid(77686a92b4d6c034094fddb988c7f2c3) Importer(815301076,1909f56bfc062723c751e8b465ee728b)  -> (artifact id: '402741ec55102a18c058fbc5481f9025') in 0.019162 seconds
Number of updated asset objects reloaded before import = 0
Number of asset objects unloaded after import = 9
========================================================================
Received Import Request.
  Time since last request: 0.000021 seconds.
  path: Assets/Class12th (Ray Cast)/StudioBillion/House Interior/Prefabs/Armchair2.prefab
  artifactKey: Guid(4735638ee3d69f94dad50fd611033d80) Importer(815301076,1909f56bfc062723c751e8b465ee728b)
Start importing Assets/Class12th (Ray Cast)/StudioBillion/House Interior/Prefabs/Armchair2.prefab using Guid(4735638ee3d69f94dad50fd611033d80) Importer(815301076,1909f56bfc062723c751e8b465ee728b)  -> (artifact id: '2bf602130f9e7b4d1c61df8fba3c22c1') in 0.018175 seconds
Number of updated asset objects reloaded before import = 0
Number of asset objects unloaded after import = 9
========================================================================
Received Import Request.
  Time since last request: 0.000024 seconds.
  path: Assets/Class12th (Ray Cast)/StudioBillion/House Interior/Prefabs/Desk.prefab
  artifactKey: Guid(5e6682d1a65bf7846bde496ef3c96d45) Importer(815301076,1909f56bfc062723c751e8b465ee728b)
Start importing Assets/Class12th (Ray Cast)/StudioBillion/House Interior/Prefabs/Desk.prefab using Guid(5e6682d1a65bf7846bde496ef3c96d45) Importer(815301076,1909f56bfc062723c751e8b465ee728b)  -> (artifact id: '89a062355cd700307c55c11f647ce96c') in 0.016961 seconds
Number of updated asset objects reloaded before import = 0
Number of asset objects unloaded after import = 8
========================================================================
Received Import Request.
  Time since last request: 0.000023 seconds.
  path: Assets/Class12th (Ray Cast)/StudioBillion/House Interior/Prefabs/Kitchen Stuff.prefab
  artifactKey: Guid(79f1bb7a99cc856419859c0286fe3efe) Importer(815301076,1909f56bfc062723c751e8b465ee728b)
Start importing Assets/Class12th (Ray Cast)/StudioBillion/House Interior/Prefabs/Kitchen Stuff.prefab using Guid(79f1bb7a99cc856419859c0286fe3efe) Importer(815301076,1909f56bfc062723c751e8b465ee728b)  -> (artifact id: '88ac6645269e9e2275c1ac1e4f94a3a6') in 0.019390 seconds
Number of updated asset objects reloaded before import = 0
Number of asset objects unloaded after import = 11
========================================================================
Received Import Request.
  Time since last request: 0.000022 seconds.
  path: Assets/Class12th (Ray Cast)/StudioBillion/House Interior/Prefabs/Microwave.prefab
  artifactKey: Guid(97f0c639a9eb92b43a377663bfdbfd11) Importer(815301076,1909f56bfc062723c751e8b465ee728b)
Start importing Assets/Class12th (Ray Cast)/StudioBillion/House Interior/Prefabs/Microwave.prefab using Guid(97f0c639a9eb92b43a377663bfdbfd11) Importer(815301076,1909f56bfc062723c751e8b465ee728b)  -> (artifact id: 'c94e9af13dee24a8802b16dd91782bd1') in 0.019396 seconds
Number of updated asset objects reloaded before import = 0
Number of asset objects unloaded after import = 11
========================================================================
Received Import Request.
  Time since last request: 0.000022 seconds.
  path: Assets/Class12th (Ray Cast)/StudioBillion/House Interior/Prefabs/Laptop.prefab
  artifactKey: Guid(a0b4083b5609b9746a81cb9b09eda7f9) Importer(815301076,1909f56bfc062723c751e8b465ee728b)
Start importing Assets/Class12th (Ray Cast)/StudioBillion/House Interior/Prefabs/Laptop.prefab using Guid(a0b4083b5609b9746a81cb9b09eda7f9) Importer(815301076,1909f56bfc062723c751e8b465ee728b)  -> (artifact id: '17c1ce6b4790edc5bb8e207dd681654e') in 0.021568 seconds
Number of updated asset objects reloaded before import = 0
Number of asset objects unloaded after import = 17
========================================================================
Received Import Request.
  Time since last request: 0.000017 seconds.
  path: Assets/Class12th (Ray Cast)/StudioBillion/House Interior/Prefabs/Fridge.prefab
  artifactKey: Guid(49e948fe26356c64e9bccc46963c77da) Importer(815301076,1909f56bfc062723c751e8b465ee728b)
Start importing Assets/Class12th (Ray Cast)/StudioBillion/House Interior/Prefabs/Fridge.prefab using Guid(49e948fe26356c64e9bccc46963c77da) Importer(815301076,1909f56bfc062723c751e8b465ee728b)  -> (artifact id: '909a1b9987fc0258f67977f2dfb26869') in 0.017083 seconds
Number of updated asset objects reloaded before import = 0
Number of asset objects unloaded after import = 10
Editor requested this worker to shutdown with reason: Scaling down because of idle timeout
TcpMessagingSession - receive error: operation aborted. errorcode: 995, details: 스레드 종료 또는 응용 프로그램 요청 때문에 I/O 작업이 취소되었습니다.
AssetImportWorker is now disconnected from the server
Process exiting
Exiting without the bug reporter. Application will terminate with return code 0